class CsvProvider : FDR.CsvFile<CsvProvider+Row>
    new : rows:CsvProvider+Row seq -> CsvProvider
    let rowToStringArray = new Func<_,_>(fun (row:_ * _ * _ * _ * _ * _ * _ * _) -> 
                                            [| TextRuntime.ConvertIntegerBack("", Some (let t1,_,_,_,_,_,_,_,_,_,_,_ = row in t1))
                                               TextRuntime.ConvertBooleanBack((let _,t2,_,_,_,_,_,_,_,_,_,_ = row in t2), false)
                                               TextRuntime.ConvertIntegerBack("", (let _,_,t3,_,_,_,_,_,_,_,_,_ = row in t3))
                                               TextRuntime.ConvertStringBack((let _,_,_,t4,_,_,_,_,_,_,_,_ = row in t4))
                                               TextRuntime.ConvertStringBack((let _,_,_,_,t5,_,_,_,_,_,_,_ = row in t5))
                                               TextRuntime.ConvertDecimalBack("", (let _,_,_,_,_,t6,_,_,_,_,_,_ = row in t6))
                                               TextRuntime.ConvertIntegerBack("", (let _,_,_,_,_,_,t7,_,_,_,_,_ = row in t7))
                                               TextRuntime.ConvertIntegerBack("", Some (let _,_,_,_,_,_,_,t8,_,_,_,_ = row in t8))
                                               TextRuntime.ConvertStringBack((let _,_,_,_,_,_,_,_,t9,_,_,_ = row in t9))
                                               TextRuntime.ConvertDecimalBack("", (let _,_,_,_,_,_,_,_,_,t10,_,_ = row in t10))
                                               TextRuntime.ConvertStringBack((let _,_,_,_,_,_,_,_,_,_,t11,_ = row in t11))
                                               TextRuntime.ConvertStringBack((let _,_,_,_,_,_,_,_,_,_,_,t12 = row in t12)) |])
    CsvFile<_>.CreateEmpty(rowToStringArray, rows, Some [| "PassengerId"
                                                           "Survived"
                                                           "Pclass"
                                                           "Name"
                                                           "Sex"
                                                           "Age"
                                                           "SibSp"
                                                           "Parch"
                                                           "Ticket"
                                                           "Fare"
                                                           "Cabin"
                                                           "Embarked" |], 12, ",", '"')

    new : () -> CsvProvider
    let stringArrayToRow = new Func<_,_,_>(fun (parent:obj) (row:string[]) -> 
                                              let value = TextConversions.AsString(row.[0])
                                              TextRuntime.GetNonOptionalValue("PassengerId", TextRuntime.ConvertInteger("", value), value),
                                              TextRuntime.ConvertBoolean(TextConversions.AsString(row.[1])),
                                              TextRuntime.ConvertInteger("", TextConversions.AsString(row.[2])),
                                              TextRuntime.ConvertString(TextConversions.AsString(row.[3])),
                                              TextRuntime.ConvertString(TextConversions.AsString(row.[4])),
                                              TextRuntime.ConvertDecimal("", TextConversions.AsString(row.[5])),
                                              TextRuntime.ConvertInteger("", TextConversions.AsString(row.[6])),
                                              let value = TextConversions.AsString(row.[7])
                                              TextRuntime.GetNonOptionalValue("ParentsOrChildren", TextRuntime.ConvertInteger("", value), value),
                                              TextRuntime.ConvertString(TextConversions.AsString(row.[8])),
                                              TextRuntime.ConvertDecimal("", TextConversions.AsString(row.[9])),
                                              TextRuntime.ConvertString(TextConversions.AsString(row.[10])),
                                              TextRuntime.ConvertString(TextConversions.AsString(row.[11])))
    let rowToStringArray = new Func<_,_>(fun (row:_ * _ * _ * _ * _ * _ * _ * _) -> 
                                            [| TextRuntime.ConvertIntegerBack("", Some (let t1,_,_,_,_,_,_,_,_,_,_,_ = row in t1))
                                               TextRuntime.ConvertBooleanBack((let _,t2,_,_,_,_,_,_,_,_,_,_ = row in t2), false)
                                               TextRuntime.ConvertIntegerBack("", (let _,_,t3,_,_,_,_,_,_,_,_,_ = row in t3))
                                               TextRuntime.ConvertStringBack((let _,_,_,t4,_,_,_,_,_,_,_,_ = row in t4))
                                               TextRuntime.ConvertStringBack((let _,_,_,_,t5,_,_,_,_,_,_,_ = row in t5))
                                               TextRuntime.ConvertDecimalBack("", (let _,_,_,_,_,t6,_,_,_,_,_,_ = row in t6))
                                               TextRuntime.ConvertIntegerBack("", (let _,_,_,_,_,_,t7,_,_,_,_,_ = row in t7))
                                               TextRuntime.ConvertIntegerBack("", Some (let _,_,_,_,_,_,_,t8,_,_,_,_ = row in t8))
                                               TextRuntime.ConvertStringBack((let _,_,_,_,_,_,_,_,t9,_,_,_ = row in t9))
                                               TextRuntime.ConvertDecimalBack("", (let _,_,_,_,_,_,_,_,_,t10,_,_ = row in t10))
                                               TextRuntime.ConvertStringBack((let _,_,_,_,_,_,_,_,_,_,t11,_ = row in t11))
                                               TextRuntime.ConvertStringBack((let _,_,_,_,_,_,_,_,_,_,_,t12 = row in t12)) |])
    CsvFile<_>.Create(stringArrayToRow, rowToStringArray, FSharpAsync.RunSynchronously((IO.asyncReadTextAtRuntimeWithDesignTimeRules @"<RESOLUTION_FOLDER>" "" "CSV" "" "Titanic.csv")), ",", '"', true, false, 0, false)

    static member AsyncGetSample: () -> CsvProvider async
    let f = new Func<_,_>(fun (t:TextReader) -> 
                             let stringArrayToRow = new Func<_,_,_>(fun (parent:obj) (row:string[]) -> 
                                                                       let value = TextConversions.AsString(row.[0])
                                                                       TextRuntime.GetNonOptionalValue("PassengerId", TextRuntime.ConvertInteger("", value), value),
                                                                       TextRuntime.ConvertBoolean(TextConversions.AsString(row.[1])),
                                                                       TextRuntime.ConvertInteger("", TextConversions.AsString(row.[2])),
                                                                       TextRuntime.ConvertString(TextConversions.AsString(row.[3])),
                                                                       TextRuntime.ConvertString(TextConversions.AsString(row.[4])),
                                                                       TextRuntime.ConvertDecimal("", TextConversions.AsString(row.[5])),
                                                                       TextRuntime.ConvertInteger("", TextConversions.AsString(row.[6])),
                                                                       let value = TextConversions.AsString(row.[7])
                                                                       TextRuntime.GetNonOptionalValue("ParentsOrChildren", TextRuntime.ConvertInteger("", value), value),
                                                                       TextRuntime.ConvertString(TextConversions.AsString(row.[8])),
                                                                       TextRuntime.ConvertDecimal("", TextConversions.AsString(row.[9])),
                                                                       TextRuntime.ConvertString(TextConversions.AsString(row.[10])),
                                                                       TextRuntime.ConvertString(TextConversions.AsString(row.[11])))
                             let rowToStringArray = new Func<_,_>(fun (row:_ * _ * _ * _ * _ * _ * _ * _) -> 
                                                                     [| TextRuntime.ConvertIntegerBack("", Some (let t1,_,_,_,_,_,_,_,_,_,_,_ = row in t1))
                                                                        TextRuntime.ConvertBooleanBack((let _,t2,_,_,_,_,_,_,_,_,_,_ = row in t2), false)
                                                                        TextRuntime.ConvertIntegerBack("", (let _,_,t3,_,_,_,_,_,_,_,_,_ = row in t3))
                                                                        TextRuntime.ConvertStringBack((let _,_,_,t4,_,_,_,_,_,_,_,_ = row in t4))
                                                                        TextRuntime.ConvertStringBack((let _,_,_,_,t5,_,_,_,_,_,_,_ = row in t5))
                                                                        TextRuntime.ConvertDecimalBack("", (let _,_,_,_,_,t6,_,_,_,_,_,_ = row in t6))
                                                                        TextRuntime.ConvertIntegerBack("", (let _,_,_,_,_,_,t7,_,_,_,_,_ = row in t7))
                                                                        TextRuntime.ConvertIntegerBack("", Some (let _,_,_,_,_,_,_,t8,_,_,_,_ = row in t8))
                                                                        TextRuntime.ConvertStringBack((let _,_,_,_,_,_,_,_,t9,_,_,_ = row in t9))
                                                                        TextRuntime.ConvertDecimalBack("", (let _,_,_,_,_,_,_,_,_,t10,_,_ = row in t10))
                                                                        TextRuntime.ConvertStringBack((let _,_,_,_,_,_,_,_,_,_,t11,_ = row in t11))
                                                                        TextRuntime.ConvertStringBack((let _,_,_,_,_,_,_,_,_,_,_,t12 = row in t12)) |])
                             CsvFile<_>.Create(stringArrayToRow, rowToStringArray, t, ",", '"', true, false, 0, false))
    TextRuntime.AsyncMap((IO.asyncReadTextAtRuntimeWithDesignTimeRules @"<RESOLUTION_FOLDER>" "" "CSV" "" "Titanic.csv"), f)

    static member AsyncLoad: uri:string -> CsvProvider async
    let f = new Func<_,_>(fun (t:TextReader) -> 
                             let stringArrayToRow = new Func<_,_,_>(fun (parent:obj) (row:string[]) -> 
                                                                       let value = TextConversions.AsString(row.[0])
                                                                       TextRuntime.GetNonOptionalValue("PassengerId", TextRuntime.ConvertInteger("", value), value),
                                                                       TextRuntime.ConvertBoolean(TextConversions.AsString(row.[1])),
                                                                       TextRuntime.ConvertInteger("", TextConversions.AsString(row.[2])),
                                                                       TextRuntime.ConvertString(TextConversions.AsString(row.[3])),
                                                                       TextRuntime.ConvertString(TextConversions.AsString(row.[4])),
                                                                       TextRuntime.ConvertDecimal("", TextConversions.AsString(row.[5])),
                                                                       TextRuntime.ConvertInteger("", TextConversions.AsString(row.[6])),
                                                                       let value = TextConversions.AsString(row.[7])
                                                                       TextRuntime.GetNonOptionalValue("ParentsOrChildren", TextRuntime.ConvertInteger("", value), value),
                                                                       TextRuntime.ConvertString(TextConversions.AsString(row.[8])),
                                                                       TextRuntime.ConvertDecimal("", TextConversions.AsString(row.[9])),
                                                                       TextRuntime.ConvertString(TextConversions.AsString(row.[10])),
                                                                       TextRuntime.ConvertString(TextConversions.AsString(row.[11])))
                             let rowToStringArray = new Func<_,_>(fun (row:_ * _ * _ * _ * _ * _ * _ * _) -> 
                                                                     [| TextRuntime.ConvertIntegerBack("", Some (let t1,_,_,_,_,_,_,_,_,_,_,_ = row in t1))
                                                                        TextRuntime.ConvertBooleanBack((let _,t2,_,_,_,_,_,_,_,_,_,_ = row in t2), false)
                                                                        TextRuntime.ConvertIntegerBack("", (let _,_,t3,_,_,_,_,_,_,_,_,_ = row in t3))
                                                                        TextRuntime.ConvertStringBack((let _,_,_,t4,_,_,_,_,_,_,_,_ = row in t4))
                                                                        TextRuntime.ConvertStringBack((let _,_,_,_,t5,_,_,_,_,_,_,_ = row in t5))
                                                                        TextRuntime.ConvertDecimalBack("", (let _,_,_,_,_,t6,_,_,_,_,_,_ = row in t6))
                                                                        TextRuntime.ConvertIntegerBack("", (let _,_,_,_,_,_,t7,_,_,_,_,_ = row in t7))
                                                                        TextRuntime.ConvertIntegerBack("", Some (let _,_,_,_,_,_,_,t8,_,_,_,_ = row in t8))
                                                                        TextRuntime.ConvertStringBack((let _,_,_,_,_,_,_,_,t9,_,_,_ = row in t9))
                                                                        TextRuntime.ConvertDecimalBack("", (let _,_,_,_,_,_,_,_,_,t10,_,_ = row in t10))
                                                                        TextRuntime.ConvertStringBack((let _,_,_,_,_,_,_,_,_,_,t11,_ = row in t11))
                                                                        TextRuntime.ConvertStringBack((let _,_,_,_,_,_,_,_,_,_,_,t12 = row in t12)) |])
                             CsvFile<_>.Create(stringArrayToRow, rowToStringArray, t, ",", '"', true, false, 0, false))
    TextRuntime.AsyncMap((IO.asyncReadTextAtRuntime false @"<RESOLUTION_FOLDER>" "" "CSV" "" uri), f)

    static member GetSample: () -> CsvProvider
    let stringArrayToRow = new Func<_,_,_>(fun (parent:obj) (row:string[]) -> 
                                              let value = TextConversions.AsString(row.[0])
                                              TextRuntime.GetNonOptionalValue("PassengerId", TextRuntime.ConvertInteger("", value), value),
                                              TextRuntime.ConvertBoolean(TextConversions.AsString(row.[1])),
                                              TextRuntime.ConvertInteger("", TextConversions.AsString(row.[2])),
                                              TextRuntime.ConvertString(TextConversions.AsString(row.[3])),
                                              TextRuntime.ConvertString(TextConversions.AsString(row.[4])),
                                              TextRuntime.ConvertDecimal("", TextConversions.AsString(row.[5])),
                                              TextRuntime.ConvertInteger("", TextConversions.AsString(row.[6])),
                                              let value = TextConversions.AsString(row.[7])
                                              TextRuntime.GetNonOptionalValue("ParentsOrChildren", TextRuntime.ConvertInteger("", value), value),
                                              TextRuntime.ConvertString(TextConversions.AsString(row.[8])),
                                              TextRuntime.ConvertDecimal("", TextConversions.AsString(row.[9])),
                                              TextRuntime.ConvertString(TextConversions.AsString(row.[10])),
                                              TextRuntime.ConvertString(TextConversions.AsString(row.[11])))
    let rowToStringArray = new Func<_,_>(fun (row:_ * _ * _ * _ * _ * _ * _ * _) -> 
                                            [| TextRuntime.ConvertIntegerBack("", Some (let t1,_,_,_,_,_,_,_,_,_,_,_ = row in t1))
                                               TextRuntime.ConvertBooleanBack((let _,t2,_,_,_,_,_,_,_,_,_,_ = row in t2), false)
                                               TextRuntime.ConvertIntegerBack("", (let _,_,t3,_,_,_,_,_,_,_,_,_ = row in t3))
                                               TextRuntime.ConvertStringBack((let _,_,_,t4,_,_,_,_,_,_,_,_ = row in t4))
                                               TextRuntime.ConvertStringBack((let _,_,_,_,t5,_,_,_,_,_,_,_ = row in t5))
                                               TextRuntime.ConvertDecimalBack("", (let _,_,_,_,_,t6,_,_,_,_,_,_ = row in t6))
                                               TextRuntime.ConvertIntegerBack("", (let _,_,_,_,_,_,t7,_,_,_,_,_ = row in t7))
                                               TextRuntime.ConvertIntegerBack("", Some (let _,_,_,_,_,_,_,t8,_,_,_,_ = row in t8))
                                               TextRuntime.ConvertStringBack((let _,_,_,_,_,_,_,_,t9,_,_,_ = row in t9))
                                               TextRuntime.ConvertDecimalBack("", (let _,_,_,_,_,_,_,_,_,t10,_,_ = row in t10))
                                               TextRuntime.ConvertStringBack((let _,_,_,_,_,_,_,_,_,_,t11,_ = row in t11))
                                               TextRuntime.ConvertStringBack((let _,_,_,_,_,_,_,_,_,_,_,t12 = row in t12)) |])
    CsvFile<_>.Create(stringArrayToRow, rowToStringArray, FSharpAsync.RunSynchronously((IO.asyncReadTextAtRuntimeWithDesignTimeRules @"<RESOLUTION_FOLDER>" "" "CSV" "" "Titanic.csv")), ",", '"', true, false, 0, false)

    static member Load: stream:System.IO.Stream -> CsvProvider
    let stringArrayToRow = new Func<_,_,_>(fun (parent:obj) (row:string[]) -> 
                                              let value = TextConversions.AsString(row.[0])
                                              TextRuntime.GetNonOptionalValue("PassengerId", TextRuntime.ConvertInteger("", value), value),
                                              TextRuntime.ConvertBoolean(TextConversions.AsString(row.[1])),
                                              TextRuntime.ConvertInteger("", TextConversions.AsString(row.[2])),
                                              TextRuntime.ConvertString(TextConversions.AsString(row.[3])),
                                              TextRuntime.ConvertString(TextConversions.AsString(row.[4])),
                                              TextRuntime.ConvertDecimal("", TextConversions.AsString(row.[5])),
                                              TextRuntime.ConvertInteger("", TextConversions.AsString(row.[6])),
                                              let value = TextConversions.AsString(row.[7])
                                              TextRuntime.GetNonOptionalValue("ParentsOrChildren", TextRuntime.ConvertInteger("", value), value),
                                              TextRuntime.ConvertString(TextConversions.AsString(row.[8])),
                                              TextRuntime.ConvertDecimal("", TextConversions.AsString(row.[9])),
                                              TextRuntime.ConvertString(TextConversions.AsString(row.[10])),
                                              TextRuntime.ConvertString(TextConversions.AsString(row.[11])))
    let rowToStringArray = new Func<_,_>(fun (row:_ * _ * _ * _ * _ * _ * _ * _) -> 
                                            [| TextRuntime.ConvertIntegerBack("", Some (let t1,_,_,_,_,_,_,_,_,_,_,_ = row in t1))
                                               TextRuntime.ConvertBooleanBack((let _,t2,_,_,_,_,_,_,_,_,_,_ = row in t2), false)
                                               TextRuntime.ConvertIntegerBack("", (let _,_,t3,_,_,_,_,_,_,_,_,_ = row in t3))
                                               TextRuntime.ConvertStringBack((let _,_,_,t4,_,_,_,_,_,_,_,_ = row in t4))
                                               TextRuntime.ConvertStringBack((let _,_,_,_,t5,_,_,_,_,_,_,_ = row in t5))
                                               TextRuntime.ConvertDecimalBack("", (let _,_,_,_,_,t6,_,_,_,_,_,_ = row in t6))
                                               TextRuntime.ConvertIntegerBack("", (let _,_,_,_,_,_,t7,_,_,_,_,_ = row in t7))
                                               TextRuntime.ConvertIntegerBack("", Some (let _,_,_,_,_,_,_,t8,_,_,_,_ = row in t8))
                                               TextRuntime.ConvertStringBack((let _,_,_,_,_,_,_,_,t9,_,_,_ = row in t9))
                                               TextRuntime.ConvertDecimalBack("", (let _,_,_,_,_,_,_,_,_,t10,_,_ = row in t10))
                                               TextRuntime.ConvertStringBack((let _,_,_,_,_,_,_,_,_,_,t11,_ = row in t11))
                                               TextRuntime.ConvertStringBack((let _,_,_,_,_,_,_,_,_,_,_,t12 = row in t12)) |])
    CsvFile<_>.Create(stringArrayToRow, rowToStringArray, ((new StreamReader(stream)) :> TextReader), ",", '"', true, false, 0, false)

    static member Load: reader:System.IO.TextReader -> CsvProvider
    let stringArrayToRow = new Func<_,_,_>(fun (parent:obj) (row:string[]) -> 
                                              let value = TextConversions.AsString(row.[0])
                                              TextRuntime.GetNonOptionalValue("PassengerId", TextRuntime.ConvertInteger("", value), value),
                                              TextRuntime.ConvertBoolean(TextConversions.AsString(row.[1])),
                                              TextRuntime.ConvertInteger("", TextConversions.AsString(row.[2])),
                                              TextRuntime.ConvertString(TextConversions.AsString(row.[3])),
                                              TextRuntime.ConvertString(TextConversions.AsString(row.[4])),
                                              TextRuntime.ConvertDecimal("", TextConversions.AsString(row.[5])),
                                              TextRuntime.ConvertInteger("", TextConversions.AsString(row.[6])),
                                              let value = TextConversions.AsString(row.[7])
                                              TextRuntime.GetNonOptionalValue("ParentsOrChildren", TextRuntime.ConvertInteger("", value), value),
                                              TextRuntime.ConvertString(TextConversions.AsString(row.[8])),
                                              TextRuntime.ConvertDecimal("", TextConversions.AsString(row.[9])),
                                              TextRuntime.ConvertString(TextConversions.AsString(row.[10])),
                                              TextRuntime.ConvertString(TextConversions.AsString(row.[11])))
    let rowToStringArray = new Func<_,_>(fun (row:_ * _ * _ * _ * _ * _ * _ * _) -> 
                                            [| TextRuntime.ConvertIntegerBack("", Some (let t1,_,_,_,_,_,_,_,_,_,_,_ = row in t1))
                                               TextRuntime.ConvertBooleanBack((let _,t2,_,_,_,_,_,_,_,_,_,_ = row in t2), false)
                                               TextRuntime.ConvertIntegerBack("", (let _,_,t3,_,_,_,_,_,_,_,_,_ = row in t3))
                                               TextRuntime.ConvertStringBack((let _,_,_,t4,_,_,_,_,_,_,_,_ = row in t4))
                                               TextRuntime.ConvertStringBack((let _,_,_,_,t5,_,_,_,_,_,_,_ = row in t5))
                                               TextRuntime.ConvertDecimalBack("", (let _,_,_,_,_,t6,_,_,_,_,_,_ = row in t6))
                                               TextRuntime.ConvertIntegerBack("", (let _,_,_,_,_,_,t7,_,_,_,_,_ = row in t7))
                                               TextRuntime.ConvertIntegerBack("", Some (let _,_,_,_,_,_,_,t8,_,_,_,_ = row in t8))
                                               TextRuntime.ConvertStringBack((let _,_,_,_,_,_,_,_,t9,_,_,_ = row in t9))
                                               TextRuntime.ConvertDecimalBack("", (let _,_,_,_,_,_,_,_,_,t10,_,_ = row in t10))
                                               TextRuntime.ConvertStringBack((let _,_,_,_,_,_,_,_,_,_,t11,_ = row in t11))
                                               TextRuntime.ConvertStringBack((let _,_,_,_,_,_,_,_,_,_,_,t12 = row in t12)) |])
    CsvFile<_>.Create(stringArrayToRow, rowToStringArray, reader, ",", '"', true, false, 0, false)

    static member Load: uri:string -> CsvProvider
    let stringArrayToRow = new Func<_,_,_>(fun (parent:obj) (row:string[]) -> 
                                              let value = TextConversions.AsString(row.[0])
                                              TextRuntime.GetNonOptionalValue("PassengerId", TextRuntime.ConvertInteger("", value), value),
                                              TextRuntime.ConvertBoolean(TextConversions.AsString(row.[1])),
                                              TextRuntime.ConvertInteger("", TextConversions.AsString(row.[2])),
                                              TextRuntime.ConvertString(TextConversions.AsString(row.[3])),
                                              TextRuntime.ConvertString(TextConversions.AsString(row.[4])),
                                              TextRuntime.ConvertDecimal("", TextConversions.AsString(row.[5])),
                                              TextRuntime.ConvertInteger("", TextConversions.AsString(row.[6])),
                                              let value = TextConversions.AsString(row.[7])
                                              TextRuntime.GetNonOptionalValue("ParentsOrChildren", TextRuntime.ConvertInteger("", value), value),
                                              TextRuntime.ConvertString(TextConversions.AsString(row.[8])),
                                              TextRuntime.ConvertDecimal("", TextConversions.AsString(row.[9])),
                                              TextRuntime.ConvertString(TextConversions.AsString(row.[10])),
                                              TextRuntime.ConvertString(TextConversions.AsString(row.[11])))
    let rowToStringArray = new Func<_,_>(fun (row:_ * _ * _ * _ * _ * _ * _ * _) -> 
                                            [| TextRuntime.ConvertIntegerBack("", Some (let t1,_,_,_,_,_,_,_,_,_,_,_ = row in t1))
                                               TextRuntime.ConvertBooleanBack((let _,t2,_,_,_,_,_,_,_,_,_,_ = row in t2), false)
                                               TextRuntime.ConvertIntegerBack("", (let _,_,t3,_,_,_,_,_,_,_,_,_ = row in t3))
                                               TextRuntime.ConvertStringBack((let _,_,_,t4,_,_,_,_,_,_,_,_ = row in t4))
                                               TextRuntime.ConvertStringBack((let _,_,_,_,t5,_,_,_,_,_,_,_ = row in t5))
                                               TextRuntime.ConvertDecimalBack("", (let _,_,_,_,_,t6,_,_,_,_,_,_ = row in t6))
                                               TextRuntime.ConvertIntegerBack("", (let _,_,_,_,_,_,t7,_,_,_,_,_ = row in t7))
                                               TextRuntime.ConvertIntegerBack("", Some (let _,_,_,_,_,_,_,t8,_,_,_,_ = row in t8))
                                               TextRuntime.ConvertStringBack((let _,_,_,_,_,_,_,_,t9,_,_,_ = row in t9))
                                               TextRuntime.ConvertDecimalBack("", (let _,_,_,_,_,_,_,_,_,t10,_,_ = row in t10))
                                               TextRuntime.ConvertStringBack((let _,_,_,_,_,_,_,_,_,_,t11,_ = row in t11))
                                               TextRuntime.ConvertStringBack((let _,_,_,_,_,_,_,_,_,_,_,t12 = row in t12)) |])
    CsvFile<_>.Create(stringArrayToRow, rowToStringArray, FSharpAsync.RunSynchronously((IO.asyncReadTextAtRuntime false @"<RESOLUTION_FOLDER>" "" "CSV" "" uri)), ",", '"', true, false, 0, false)

    static member Parse: text:string -> CsvProvider
    let stringArrayToRow = new Func<_,_,_>(fun (parent:obj) (row:string[]) -> 
                                              let value = TextConversions.AsString(row.[0])
                                              TextRuntime.GetNonOptionalValue("PassengerId", TextRuntime.ConvertInteger("", value), value),
                                              TextRuntime.ConvertBoolean(TextConversions.AsString(row.[1])),
                                              TextRuntime.ConvertInteger("", TextConversions.AsString(row.[2])),
                                              TextRuntime.ConvertString(TextConversions.AsString(row.[3])),
                                              TextRuntime.ConvertString(TextConversions.AsString(row.[4])),
                                              TextRuntime.ConvertDecimal("", TextConversions.AsString(row.[5])),
                                              TextRuntime.ConvertInteger("", TextConversions.AsString(row.[6])),
                                              let value = TextConversions.AsString(row.[7])
                                              TextRuntime.GetNonOptionalValue("ParentsOrChildren", TextRuntime.ConvertInteger("", value), value),
                                              TextRuntime.ConvertString(TextConversions.AsString(row.[8])),
                                              TextRuntime.ConvertDecimal("", TextConversions.AsString(row.[9])),
                                              TextRuntime.ConvertString(TextConversions.AsString(row.[10])),
                                              TextRuntime.ConvertString(TextConversions.AsString(row.[11])))
    let rowToStringArray = new Func<_,_>(fun (row:_ * _ * _ * _ * _ * _ * _ * _) -> 
                                            [| TextRuntime.ConvertIntegerBack("", Some (let t1,_,_,_,_,_,_,_,_,_,_,_ = row in t1))
                                               TextRuntime.ConvertBooleanBack((let _,t2,_,_,_,_,_,_,_,_,_,_ = row in t2), false)
                                               TextRuntime.ConvertIntegerBack("", (let _,_,t3,_,_,_,_,_,_,_,_,_ = row in t3))
                                               TextRuntime.ConvertStringBack((let _,_,_,t4,_,_,_,_,_,_,_,_ = row in t4))
                                               TextRuntime.ConvertStringBack((let _,_,_,_,t5,_,_,_,_,_,_,_ = row in t5))
                                               TextRuntime.ConvertDecimalBack("", (let _,_,_,_,_,t6,_,_,_,_,_,_ = row in t6))
                                               TextRuntime.ConvertIntegerBack("", (let _,_,_,_,_,_,t7,_,_,_,_,_ = row in t7))
                                               TextRuntime.ConvertIntegerBack("", Some (let _,_,_,_,_,_,_,t8,_,_,_,_ = row in t8))
                                               TextRuntime.ConvertStringBack((let _,_,_,_,_,_,_,_,t9,_,_,_ = row in t9))
                                               TextRuntime.ConvertDecimalBack("", (let _,_,_,_,_,_,_,_,_,t10,_,_ = row in t10))
                                               TextRuntime.ConvertStringBack((let _,_,_,_,_,_,_,_,_,_,t11,_ = row in t11))
                                               TextRuntime.ConvertStringBack((let _,_,_,_,_,_,_,_,_,_,_,t12 = row in t12)) |])
    CsvFile<_>.Create(stringArrayToRow, rowToStringArray, ((new StringReader(text)) :> TextReader), ",", '"', true, false, 0, false)

    static member ParseRows: text:string -> CsvProvider+Row[]
    let stringArrayToRow = new Func<_,_,_>(fun (parent:obj) (row:string[]) -> 
                                              let value = TextConversions.AsString(row.[0])
                                              TextRuntime.GetNonOptionalValue("PassengerId", TextRuntime.ConvertInteger("", value), value),
                                              TextRuntime.ConvertBoolean(TextConversions.AsString(row.[1])),
                                              TextRuntime.ConvertInteger("", TextConversions.AsString(row.[2])),
                                              TextRuntime.ConvertString(TextConversions.AsString(row.[3])),
                                              TextRuntime.ConvertString(TextConversions.AsString(row.[4])),
                                              TextRuntime.ConvertDecimal("", TextConversions.AsString(row.[5])),
                                              TextRuntime.ConvertInteger("", TextConversions.AsString(row.[6])),
                                              let value = TextConversions.AsString(row.[7])
                                              TextRuntime.GetNonOptionalValue("ParentsOrChildren", TextRuntime.ConvertInteger("", value), value),
                                              TextRuntime.ConvertString(TextConversions.AsString(row.[8])),
                                              TextRuntime.ConvertDecimal("", TextConversions.AsString(row.[9])),
                                              TextRuntime.ConvertString(TextConversions.AsString(row.[10])),
                                              TextRuntime.ConvertString(TextConversions.AsString(row.[11])))
    CsvFile<_>.ParseRows(text, stringArrayToRow, ",", '"', false)


class CsvProvider+Row : int * bool option * int option * string option * string option * decimal option * int option * int * string option * decimal option * string option * string option
    new : passengerId:int -> survived:bool option -> class:int option -> name:string option -> sex:string option -> age:decimal option -> siblingsOrSpouse:int option -> parentsOrChildren:int<meter> -> ticket:string option -> fare:decimal option -> cabin:string option -> embarked:string option -> CsvProvider+Row
    passengerId,
    survived,
    class,
    name,
    sex,
    age,
    siblingsOrSpouse,
    parentsOrChildren,
    ticket,
    fare,
    cabin,
    embarked

    member Age: decimal option with get
    (let _,_,_,_,_,t6,_,_,_,_,_,_ = this in t6)

    member Cabin: string option with get
    (let _,_,_,_,_,_,_,_,_,_,t11,_ = this in t11)

    member Class: int option with get
    (let _,_,t3,_,_,_,_,_,_,_,_,_ = this in t3)

    member Embarked: string option with get
    (let _,_,_,_,_,_,_,_,_,_,_,t12 = this in t12)

    member Fare: decimal option with get
    (let _,_,_,_,_,_,_,_,_,t10,_,_ = this in t10)

    member Name: string option with get
    (let _,_,_,t4,_,_,_,_,_,_,_,_ = this in t4)

    member ParentsOrChildren: int<meter> with get
    (let _,_,_,_,_,_,_,t8,_,_,_,_ = this in t8)

    member PassengerId: int with get
    (let t1,_,_,_,_,_,_,_,_,_,_,_ = this in t1)

    member Sex: string option with get
    (let _,_,_,_,t5,_,_,_,_,_,_,_ = this in t5)

    member SiblingsOrSpouse: int option with get
    (let _,_,_,_,_,_,t7,_,_,_,_,_ = this in t7)

    member Survived: bool option with get
    (let _,t2,_,_,_,_,_,_,_,_,_,_ = this in t2)

    member Ticket: string option with get
    (let _,_,_,_,_,_,_,_,t9,_,_,_ = this in t9)


