class JsonProvider : obj
    static member AsyncGetSamples: () -> JsonProvider+JsonProvider+Root[] async
    let f = new Func<_,_>(fun (t:TextReader) -> JsonRuntime.ConvertArray(JsonDocument.Create(t), new Func<_,_>(id))))
    TextRuntime.AsyncMap((IO.asyncReadTextAtRuntimeWithDesignTimeRules "<RESOLUTION_FOLDER>" "" "JSON" "" "GitHub.json"), f)

    static member AsyncLoad: uri:string -> JsonProvider+JsonProvider+Root[] async
    let f = new Func<_,_>(fun (t:TextReader) -> JsonRuntime.ConvertArray(JsonDocument.Create(t), new Func<_,_>(id))))
    TextRuntime.AsyncMap((IO.asyncReadTextAtRuntime false "<RESOLUTION_FOLDER>" "" "JSON" "" uri), f)

    static member GetSamples: () -> JsonProvider+JsonProvider+Root[]
    JsonRuntime.ConvertArray(JsonDocument.Create(FSharpAsync.RunSynchronously((IO.asyncReadTextAtRuntimeWithDesignTimeRules "<RESOLUTION_FOLDER>" "" "JSON" "" "GitHub.json"))), new Func<_,_>(id)))

    static member Load: stream:System.IO.Stream -> JsonProvider+JsonProvider+Root[]
    JsonRuntime.ConvertArray(JsonDocument.Create(((new StreamReader(stream)) :> TextReader)), new Func<_,_>(id)))

    static member Load: reader:System.IO.TextReader -> JsonProvider+JsonProvider+Root[]
    JsonRuntime.ConvertArray(JsonDocument.Create(reader), new Func<_,_>(id)))

    static member Load: uri:string -> JsonProvider+JsonProvider+Root[]
    JsonRuntime.ConvertArray(JsonDocument.Create(FSharpAsync.RunSynchronously((IO.asyncReadTextAtRuntime false "<RESOLUTION_FOLDER>" "" "JSON" "" uri))), new Func<_,_>(id)))

    static member Load: value:JsonValue -> JsonProvider+JsonProvider+Root[]
    JsonRuntime.ConvertArray(JsonDocument.Create(value, ""), new Func<_,_>(id)))

    static member Parse: text:string -> JsonProvider+JsonProvider+Root[]
    JsonRuntime.ConvertArray(JsonDocument.Create(((new StringReader(text)) :> TextReader)), new Func<_,_>(id)))

    static member ParseList: text:string -> JsonProvider+JsonProvider+JsonProvider+Root[][]
    JsonRuntime.ConvertArray(JsonDocument.CreateList(((new StringReader(text)) :> TextReader)), new Func<_,_>(id)))


class JsonProvider+Root : FDR.BaseTypes.IJsonDocument
    new : url:string -> labelsUrl:string -> commentsUrl:string -> eventsUrl:string -> htmlUrl:string -> id:int -> number:int -> title:string -> user:JsonProvider+User -> labels:JsonProvider+JsonProvider+Label[] -> state:string -> assignee:JsonValue -> milestone:JsonValue -> comments:int -> createdAt:System.DateTimeOffset -> updatedAt:System.DateTimeOffset -> closedAt:JsonValue -> pullRequest:JsonProvider+PullRequest -> body:string option -> JsonProvider+Root
    JsonRuntime.CreateRecord([| ("url",
                                 (url :> obj))
                                ("labels_url",
                                 (labelsUrl :> obj))
                                ("comments_url",
                                 (commentsUrl :> obj))
                                ("events_url",
                                 (eventsUrl :> obj))
                                ("html_url",
                                 (htmlUrl :> obj))
                                ("id",
                                 (id :> obj))
                                ("number",
                                 (number :> obj))
                                ("title",
                                 (title :> obj))
                                ("user",
                                 (user :> obj))
                                ("labels",
                                 (labels :> obj))
                                ("state",
                                 (state :> obj))
                                ("assignee",
                                 (assignee :> obj))
                                ("milestone",
                                 (milestone :> obj))
                                ("comments",
                                 (comments :> obj))
                                ("created_at",
                                 (createdAt :> obj))
                                ("updated_at",
                                 (updatedAt :> obj))
                                ("closed_at",
                                 (closedAt :> obj))
                                ("pull_request",
                                 (pullRequest :> obj))
                                ("body",
                                 (body :> obj)) |], "")

    new : jsonValue:JsonValue -> JsonProvider+Root
    JsonDocument.Create(jsonValue, "")

    member Assignee: FDR.BaseTypes.IJsonDocument with get
    JsonRuntime.GetPropertyPackedOrNull(this, "assignee")

    member Body: string option with get
    JsonRuntime.ConvertString("", JsonRuntime.TryGetPropertyUnpacked(this, "body"))

    member ClosedAt: FDR.BaseTypes.IJsonDocument with get
    JsonRuntime.GetPropertyPackedOrNull(this, "closed_at")

    member Comments: int with get
    let value = JsonRuntime.TryGetPropertyUnpackedWithPath(this, "comments")
    JsonRuntime.GetNonOptionalValue(value.Path, JsonRuntime.ConvertInteger("", value.JsonOpt), value.JsonOpt)

    member CommentsUrl: string with get
    let value = JsonRuntime.TryGetPropertyUnpackedWithPath(this, "comments_url")
    JsonRuntime.GetNonOptionalValue(value.Path, JsonRuntime.ConvertString("", value.JsonOpt), value.JsonOpt)

    member CreatedAt: System.DateTimeOffset with get
    let value = JsonRuntime.TryGetPropertyUnpackedWithPath(this, "created_at")
    JsonRuntime.GetNonOptionalValue(value.Path, JsonRuntime.ConvertDateTimeOffset("", value.JsonOpt), value.JsonOpt)

    member EventsUrl: string with get
    let value = JsonRuntime.TryGetPropertyUnpackedWithPath(this, "events_url")
    JsonRuntime.GetNonOptionalValue(value.Path, JsonRuntime.ConvertString("", value.JsonOpt), value.JsonOpt)

    member HtmlUrl: string with get
    let value = JsonRuntime.TryGetPropertyUnpackedWithPath(this, "html_url")
    JsonRuntime.GetNonOptionalValue(value.Path, JsonRuntime.ConvertString("", value.JsonOpt), value.JsonOpt)

    member Id: int with get
    let value = JsonRuntime.TryGetPropertyUnpackedWithPath(this, "id")
    JsonRuntime.GetNonOptionalValue(value.Path, JsonRuntime.ConvertInteger("", value.JsonOpt), value.JsonOpt)

    member Labels: JsonProvider+JsonProvider+Label[] with get
    JsonRuntime.ConvertArray(JsonRuntime.GetPropertyPackedOrNull(this, "labels"), new Func<_,_>(id)))

    member LabelsUrl: string with get
    let value = JsonRuntime.TryGetPropertyUnpackedWithPath(this, "labels_url")
    JsonRuntime.GetNonOptionalValue(value.Path, JsonRuntime.ConvertString("", value.JsonOpt), value.JsonOpt)

    member Milestone: FDR.BaseTypes.IJsonDocument with get
    JsonRuntime.GetPropertyPackedOrNull(this, "milestone")

    member Number: int with get
    let value = JsonRuntime.TryGetPropertyUnpackedWithPath(this, "number")
    JsonRuntime.GetNonOptionalValue(value.Path, JsonRuntime.ConvertInteger("", value.JsonOpt), value.JsonOpt)

    member PullRequest: JsonProvider+PullRequest with get
    JsonRuntime.GetPropertyPacked(this, "pull_request")

    member State: string with get
    let value = JsonRuntime.TryGetPropertyUnpackedWithPath(this, "state")
    JsonRuntime.GetNonOptionalValue(value.Path, JsonRuntime.ConvertString("", value.JsonOpt), value.JsonOpt)

    member Title: string with get
    let value = JsonRuntime.TryGetPropertyUnpackedWithPath(this, "title")
    JsonRuntime.GetNonOptionalValue(value.Path, JsonRuntime.ConvertString("", value.JsonOpt), value.JsonOpt)

    member UpdatedAt: System.DateTimeOffset with get
    let value = JsonRuntime.TryGetPropertyUnpackedWithPath(this, "updated_at")
    JsonRuntime.GetNonOptionalValue(value.Path, JsonRuntime.ConvertDateTimeOffset("", value.JsonOpt), value.JsonOpt)

    member Url: string with get
    let value = JsonRuntime.TryGetPropertyUnpackedWithPath(this, "url")
    JsonRuntime.GetNonOptionalValue(value.Path, JsonRuntime.ConvertString("", value.JsonOpt), value.JsonOpt)

    member User: JsonProvider+User with get
    JsonRuntime.GetPropertyPacked(this, "user")


class JsonProvider+Label : FDR.BaseTypes.IJsonDocument
    new : url:string -> name:string -> color:JsonProvider+FloatOrString -> JsonProvider+Label
    JsonRuntime.CreateRecord([| ("url",
                                 (url :> obj))
                                ("name",
                                 (name :> obj))
                                ("color",
                                 (color :> obj)) |], "")

    new : jsonValue:JsonValue -> JsonProvider+Label
    JsonDocument.Create(jsonValue, "")

    member Color: JsonProvider+FloatOrString with get
    JsonRuntime.GetPropertyPackedOrNull(this, "color")

    member Name: string with get
    let value = JsonRuntime.TryGetPropertyUnpackedWithPath(this, "name")
    JsonRuntime.GetNonOptionalValue(value.Path, JsonRuntime.ConvertString("", value.JsonOpt), value.JsonOpt)

    member Url: string with get
    let value = JsonRuntime.TryGetPropertyUnpackedWithPath(this, "url")
    JsonRuntime.GetNonOptionalValue(value.Path, JsonRuntime.ConvertString("", value.JsonOpt), value.JsonOpt)


class JsonProvider+PullRequest : FDR.BaseTypes.IJsonDocument
    new : htmlUrl:string option -> diffUrl:string option -> patchUrl:string option -> JsonProvider+PullRequest
    JsonRuntime.CreateRecord([| ("html_url",
                                 (htmlUrl :> obj))
                                ("diff_url",
                                 (diffUrl :> obj))
                                ("patch_url",
                                 (patchUrl :> obj)) |], "")

    new : jsonValue:JsonValue -> JsonProvider+PullRequest
    JsonDocument.Create(jsonValue, "")

    member DiffUrl: string option with get
    JsonRuntime.ConvertString("", JsonRuntime.TryGetPropertyUnpacked(this, "diff_url"))

    member HtmlUrl: string option with get
    JsonRuntime.ConvertString("", JsonRuntime.TryGetPropertyUnpacked(this, "html_url"))

    member PatchUrl: string option with get
    JsonRuntime.ConvertString("", JsonRuntime.TryGetPropertyUnpacked(this, "patch_url"))


class JsonProvider+User : FDR.BaseTypes.IJsonDocument
    new : login:string -> id:int -> avatarUrl:string -> gravatarId:System.Guid -> url:string -> htmlUrl:string -> followersUrl:string -> followingUrl:string -> gistsUrl:string -> starredUrl:string -> subscriptionsUrl:string -> organizationsUrl:string -> reposUrl:string -> eventsUrl:string -> receivedEventsUrl:string -> type:string -> JsonProvider+User
    JsonRuntime.CreateRecord([| ("login",
                                 (login :> obj))
                                ("id",
                                 (id :> obj))
                                ("avatar_url",
                                 (avatarUrl :> obj))
                                ("gravatar_id",
                                 (gravatarId :> obj))
                                ("url",
                                 (url :> obj))
                                ("html_url",
                                 (htmlUrl :> obj))
                                ("followers_url",
                                 (followersUrl :> obj))
                                ("following_url",
                                 (followingUrl :> obj))
                                ("gists_url",
                                 (gistsUrl :> obj))
                                ("starred_url",
                                 (starredUrl :> obj))
                                ("subscriptions_url",
                                 (subscriptionsUrl :> obj))
                                ("organizations_url",
                                 (organizationsUrl :> obj))
                                ("repos_url",
                                 (reposUrl :> obj))
                                ("events_url",
                                 (eventsUrl :> obj))
                                ("received_events_url",
                                 (receivedEventsUrl :> obj))
                                ("type",
                                 (type :> obj)) |], "")

    new : jsonValue:JsonValue -> JsonProvider+User
    JsonDocument.Create(jsonValue, "")

    member AvatarUrl: string with get
    let value = JsonRuntime.TryGetPropertyUnpackedWithPath(this, "avatar_url")
    JsonRuntime.GetNonOptionalValue(value.Path, JsonRuntime.ConvertString("", value.JsonOpt), value.JsonOpt)

    member EventsUrl: string with get
    let value = JsonRuntime.TryGetPropertyUnpackedWithPath(this, "events_url")
    JsonRuntime.GetNonOptionalValue(value.Path, JsonRuntime.ConvertString("", value.JsonOpt), value.JsonOpt)

    member FollowersUrl: string with get
    let value = JsonRuntime.TryGetPropertyUnpackedWithPath(this, "followers_url")
    JsonRuntime.GetNonOptionalValue(value.Path, JsonRuntime.ConvertString("", value.JsonOpt), value.JsonOpt)

    member FollowingUrl: string with get
    let value = JsonRuntime.TryGetPropertyUnpackedWithPath(this, "following_url")
    JsonRuntime.GetNonOptionalValue(value.Path, JsonRuntime.ConvertString("", value.JsonOpt), value.JsonOpt)

    member GistsUrl: string with get
    let value = JsonRuntime.TryGetPropertyUnpackedWithPath(this, "gists_url")
    JsonRuntime.GetNonOptionalValue(value.Path, JsonRuntime.ConvertString("", value.JsonOpt), value.JsonOpt)

    member GravatarId: System.Guid with get
    let value = JsonRuntime.TryGetPropertyUnpackedWithPath(this, "gravatar_id")
    JsonRuntime.GetNonOptionalValue(value.Path, JsonRuntime.ConvertGuid(value.JsonOpt), value.JsonOpt)

    member HtmlUrl: string with get
    let value = JsonRuntime.TryGetPropertyUnpackedWithPath(this, "html_url")
    JsonRuntime.GetNonOptionalValue(value.Path, JsonRuntime.ConvertString("", value.JsonOpt), value.JsonOpt)

    member Id: int with get
    let value = JsonRuntime.TryGetPropertyUnpackedWithPath(this, "id")
    JsonRuntime.GetNonOptionalValue(value.Path, JsonRuntime.ConvertInteger("", value.JsonOpt), value.JsonOpt)

    member Login: string with get
    let value = JsonRuntime.TryGetPropertyUnpackedWithPath(this, "login")
    JsonRuntime.GetNonOptionalValue(value.Path, JsonRuntime.ConvertString("", value.JsonOpt), value.JsonOpt)

    member OrganizationsUrl: string with get
    let value = JsonRuntime.TryGetPropertyUnpackedWithPath(this, "organizations_url")
    JsonRuntime.GetNonOptionalValue(value.Path, JsonRuntime.ConvertString("", value.JsonOpt), value.JsonOpt)

    member ReceivedEventsUrl: string with get
    let value = JsonRuntime.TryGetPropertyUnpackedWithPath(this, "received_events_url")
    JsonRuntime.GetNonOptionalValue(value.Path, JsonRuntime.ConvertString("", value.JsonOpt), value.JsonOpt)

    member ReposUrl: string with get
    let value = JsonRuntime.TryGetPropertyUnpackedWithPath(this, "repos_url")
    JsonRuntime.GetNonOptionalValue(value.Path, JsonRuntime.ConvertString("", value.JsonOpt), value.JsonOpt)

    member StarredUrl: string with get
    let value = JsonRuntime.TryGetPropertyUnpackedWithPath(this, "starred_url")
    JsonRuntime.GetNonOptionalValue(value.Path, JsonRuntime.ConvertString("", value.JsonOpt), value.JsonOpt)

    member SubscriptionsUrl: string with get
    let value = JsonRuntime.TryGetPropertyUnpackedWithPath(this, "subscriptions_url")
    JsonRuntime.GetNonOptionalValue(value.Path, JsonRuntime.ConvertString("", value.JsonOpt), value.JsonOpt)

    member Type: string with get
    let value = JsonRuntime.TryGetPropertyUnpackedWithPath(this, "type")
    JsonRuntime.GetNonOptionalValue(value.Path, JsonRuntime.ConvertString("", value.JsonOpt), value.JsonOpt)

    member Url: string with get
    let value = JsonRuntime.TryGetPropertyUnpackedWithPath(this, "url")
    JsonRuntime.GetNonOptionalValue(value.Path, JsonRuntime.ConvertString("", value.JsonOpt), value.JsonOpt)


class JsonProvider+FloatOrString : FDR.BaseTypes.IJsonDocument
    new : number:float -> JsonProvider+FloatOrString
    JsonRuntime.CreateValue((number :> obj), "")

    new : string:string -> JsonProvider+FloatOrString
    JsonRuntime.CreateValue((string :> obj), "")

    new : () -> JsonProvider+FloatOrString
    JsonRuntime.CreateValue(null, "")

    new : jsonValue:JsonValue -> JsonProvider+FloatOrString
    JsonDocument.Create(jsonValue, "")

    member Number: float option with get
    JsonRuntime.TryGetValueByTypeTag(this, "", "Number", new Func<_,_>(fun (t:IJsonDocument) -> JsonRuntime.GetNonOptionalValue(t.Path(), JsonRuntime.ConvertFloat("", "", Some t.JsonValue), Some t.JsonValue)))

    member String: string option with get
    JsonRuntime.TryGetValueByTypeTag(this, "", "String", new Func<_,_>(fun (t:IJsonDocument) -> JsonRuntime.GetNonOptionalValue(t.Path(), JsonRuntime.ConvertString("", Some t.JsonValue), Some t.JsonValue)))


