class XmlProvider : obj
    static member AsyncGetSamples: () -> XmlProvider+Choice[] async
    let f = new Func<_,_>(fun (t:TextReader) -> XmlElement.CreateList(t))
    TextRuntime.AsyncMap((IO.asyncReadTextAtRuntimeWithDesignTimeRules "<RESOLUTION_FOLDER>" "" "XML" "" "AnyFeed.xml"), f)

    static member AsyncLoad: uri:string -> XmlProvider+Choice async
    let uri = uri
    let f = new Func<_,_>(fun (t:TextReader) -> XmlElement.Create(t))
    TextRuntime.AsyncMap((IO.asyncReadTextAtRuntime false "<RESOLUTION_FOLDER>" "" "XML" "" uri), f)

    static member GetSamples: () -> XmlProvider+Choice[]
    XmlElement.CreateList(FSharpAsync.RunSynchronously((IO.asyncReadTextAtRuntimeWithDesignTimeRules "<RESOLUTION_FOLDER>" "" "XML" "" "AnyFeed.xml")))

    static member Load: stream:System.IO.Stream -> XmlProvider+Choice
    let stream = stream
    XmlElement.Create(((new StreamReader(stream)) :> TextReader))

    static member Load: reader:System.IO.TextReader -> XmlProvider+Choice
    let reader = reader
    XmlElement.Create(reader)

    static member Load: uri:string -> XmlProvider+Choice
    let uri = uri
    XmlElement.Create(FSharpAsync.RunSynchronously((IO.asyncReadTextAtRuntime false "<RESOLUTION_FOLDER>" "" "XML" "" uri)))

    static member Parse: text:string -> XmlProvider+Choice
    let text = text
    XmlElement.Create(((new StringReader(text)) :> TextReader))


class XmlProvider+Choice : FDR.BaseTypes.XmlElement
    new : rss:XmlProvider+Rss -> XmlProvider+Choice
    let this = rss
    this

    new : feed:XmlProvider+Feed -> XmlProvider+Choice
    let this = feed
    this

    new : xElement:System.Xml.Linq.XElement -> XmlProvider+Choice
    let this = xElement
    XmlElement.Create(this)

    member Feed: XmlProvider+Feed option with get
    let this = this
    XmlRuntime.ConvertAsName(this, "{http://www.w3.org/2005/Atom}feed", new Func<_,_>(id)))

    member Rss: XmlProvider+Rss option with get
    let this = this
    XmlRuntime.ConvertAsName(this, "rss", new Func<_,_>(id)))


class XmlProvider+Feed : FDR.BaseTypes.XmlElement
    new : title:string -> subtitle:string -> links:XmlProvider+Link[] -> id:string -> updated:System.DateTime -> entry:XmlProvider+Entry -> XmlProvider+Feed
    let this = title
    let title = subtitle
    let subtitle = links
    let links = id
    let id = updated
    let updated = entry
    XmlRuntime.CreateRecord("{http://www.w3.org/2005/Atom}feed", 
                            [| |], 
                            [| ("{http://www.w3.org/2005/Atom}title",
                                (this :> obj))
                               ("{http://www.w3.org/2005/Atom}subtitle",
                                (title :> obj))
                               ("{http://www.w3.org/2005/Atom}link",
                                (subtitle :> obj))
                               ("{http://www.w3.org/2005/Atom}id",
                                (links :> obj))
                               ("{http://www.w3.org/2005/Atom}updated",
                                (id :> obj))
                               ("{http://www.w3.org/2005/Atom}entry",
                                (updated :> obj)) |], "")

    new : xElement:System.Xml.Linq.XElement -> XmlProvider+Feed
    let this = xElement
    XmlElement.Create(this)

    member Entry: XmlProvider+Entry with get
    let this = this
    XmlRuntime.GetChild(this, "{http://www.w3.org/2005/Atom}entry")

    member Id: string with get
    let this = this
    let value = XmlRuntime.TryGetValue(XmlRuntime.GetChild(this, "{http://www.w3.org/2005/Atom}id"))
    TextRuntime.GetNonOptionalValue("Value", TextRuntime.ConvertString(value), value)

    member Links: XmlProvider+Link[] with get
    let this = this
    XmlRuntime.ConvertArray(this, "{http://www.w3.org/2005/Atom}link", new Func<_,_>(id)))

    member Subtitle: string with get
    let this = this
    let value = XmlRuntime.TryGetValue(XmlRuntime.GetChild(this, "{http://www.w3.org/2005/Atom}subtitle"))
    TextRuntime.GetNonOptionalValue("Value", TextRuntime.ConvertString(value), value)

    member Title: string with get
    let this = this
    let value = XmlRuntime.TryGetValue(XmlRuntime.GetChild(this, "{http://www.w3.org/2005/Atom}title"))
    TextRuntime.GetNonOptionalValue("Value", TextRuntime.ConvertString(value), value)

    member Updated: System.DateTime with get
    let this = this
    let value = XmlRuntime.TryGetValue(XmlRuntime.GetChild(this, "{http://www.w3.org/2005/Atom}updated"))
    TextRuntime.GetNonOptionalValue("Value", TextRuntime.ConvertDateTime("", value), value)


class XmlProvider+Rss : FDR.BaseTypes.XmlElement
    new : version:decimal -> channel:XmlProvider+Channel -> XmlProvider+Rss
    let this = version
    let version = channel
    XmlRuntime.CreateRecord("rss", 
                            [| ("version",
                                (this :> obj)) |], 
                            [| ("channel",
                                (version :> obj)) |], "")

    new : xElement:System.Xml.Linq.XElement -> XmlProvider+Rss
    let this = xElement
    XmlElement.Create(this)

    member Channel: XmlProvider+Channel with get
    let this = this
    XmlRuntime.GetChild(this, "channel")

    member Version: decimal with get
    let this = this
    let value = XmlRuntime.TryGetAttribute(this, "version")
    TextRuntime.GetNonOptionalValue("Attribute version", TextRuntime.ConvertDecimal("", value), value)


class XmlProvider+Channel : FDR.BaseTypes.XmlElement
    new : title:string -> link:string -> description:string -> items:XmlProvider+Item[] -> XmlProvider+Channel
    let this = title
    let title = link
    let link = description
    let description = items
    XmlRuntime.CreateRecord("channel", 
                            [| |], 
                            [| ("title",
                                (this :> obj))
                               ("link",
                                (title :> obj))
                               ("description",
                                (link :> obj))
                               ("item",
                                (description :> obj)) |], "")

    new : xElement:System.Xml.Linq.XElement -> XmlProvider+Channel
    let this = xElement
    XmlElement.Create(this)

    member Description: string with get
    let this = this
    let value = XmlRuntime.TryGetValue(XmlRuntime.GetChild(this, "description"))
    TextRuntime.GetNonOptionalValue("Value", TextRuntime.ConvertString(value), value)

    member Items: XmlProvider+Item[] with get
    let this = this
    XmlRuntime.ConvertArray(this, "item", new Func<_,_>(id)))

    member Link: string with get
    let this = this
    let value = XmlRuntime.TryGetValue(XmlRuntime.GetChild(this, "link"))
    TextRuntime.GetNonOptionalValue("Value", TextRuntime.ConvertString(value), value)

    member Title: string with get
    let this = this
    let value = XmlRuntime.TryGetValue(XmlRuntime.GetChild(this, "title"))
    TextRuntime.GetNonOptionalValue("Value", TextRuntime.ConvertString(value), value)


class XmlProvider+Entry : FDR.BaseTypes.XmlElement
    new : title:string -> links:XmlProvider+Link2[] -> id:string -> updated:System.DateTime -> summary:string -> author:XmlProvider+Author -> XmlProvider+Entry
    let this = title
    let title = links
    let links = id
    let id = updated
    let updated = summary
    let summary = author
    XmlRuntime.CreateRecord("{http://www.w3.org/2005/Atom}entry", 
                            [| |], 
                            [| ("{http://www.w3.org/2005/Atom}title",
                                (this :> obj))
                               ("{http://www.w3.org/2005/Atom}link",
                                (title :> obj))
                               ("{http://www.w3.org/2005/Atom}id",
                                (links :> obj))
                               ("{http://www.w3.org/2005/Atom}updated",
                                (id :> obj))
                               ("{http://www.w3.org/2005/Atom}summary",
                                (updated :> obj))
                               ("{http://www.w3.org/2005/Atom}author",
                                (summary :> obj)) |], "")

    new : xElement:System.Xml.Linq.XElement -> XmlProvider+Entry
    let this = xElement
    XmlElement.Create(this)

    member Author: XmlProvider+Author with get
    let this = this
    XmlRuntime.GetChild(this, "{http://www.w3.org/2005/Atom}author")

    member Id: string with get
    let this = this
    let value = XmlRuntime.TryGetValue(XmlRuntime.GetChild(this, "{http://www.w3.org/2005/Atom}id"))
    TextRuntime.GetNonOptionalValue("Value", TextRuntime.ConvertString(value), value)

    member Links: XmlProvider+Link2[] with get
    let this = this
    XmlRuntime.ConvertArray(this, "{http://www.w3.org/2005/Atom}link", new Func<_,_>(id)))

    member Summary: string with get
    let this = this
    let value = XmlRuntime.TryGetValue(XmlRuntime.GetChild(this, "{http://www.w3.org/2005/Atom}summary"))
    TextRuntime.GetNonOptionalValue("Value", TextRuntime.ConvertString(value), value)

    member Title: string with get
    let this = this
    let value = XmlRuntime.TryGetValue(XmlRuntime.GetChild(this, "{http://www.w3.org/2005/Atom}title"))
    TextRuntime.GetNonOptionalValue("Value", TextRuntime.ConvertString(value), value)

    member Updated: System.DateTime with get
    let this = this
    let value = XmlRuntime.TryGetValue(XmlRuntime.GetChild(this, "{http://www.w3.org/2005/Atom}updated"))
    TextRuntime.GetNonOptionalValue("Value", TextRuntime.ConvertDateTime("", value), value)


class XmlProvider+Link : FDR.BaseTypes.XmlElement
    new : href:string -> rel:string option -> XmlProvider+Link
    let this = href
    let href = rel
    XmlRuntime.CreateRecord("{http://www.w3.org/2005/Atom}link", 
                            [| ("href",
                                (this :> obj))
                               ("rel",
                                (href :> obj)) |], 
                            [| |], "")

    new : xElement:System.Xml.Linq.XElement -> XmlProvider+Link
    let this = xElement
    XmlElement.Create(this)

    member Href: string with get
    let this = this
    let value = XmlRuntime.TryGetAttribute(this, "href")
    TextRuntime.GetNonOptionalValue("Attribute href", TextRuntime.ConvertString(value), value)

    member Rel: string option with get
    let this = this
    TextRuntime.ConvertString(XmlRuntime.TryGetAttribute(this, "rel"))


class XmlProvider+Author : FDR.BaseTypes.XmlElement
    new : name:string -> email:string -> XmlProvider+Author
    let this = name
    let name = email
    XmlRuntime.CreateRecord("{http://www.w3.org/2005/Atom}author", 
                            [| |], 
                            [| ("{http://www.w3.org/2005/Atom}name",
                                (this :> obj))
                               ("{http://www.w3.org/2005/Atom}email",
                                (name :> obj)) |], "")

    new : xElement:System.Xml.Linq.XElement -> XmlProvider+Author
    let this = xElement
    XmlElement.Create(this)

    member Email: string with get
    let this = this
    let value = XmlRuntime.TryGetValue(XmlRuntime.GetChild(this, "{http://www.w3.org/2005/Atom}email"))
    TextRuntime.GetNonOptionalValue("Value", TextRuntime.ConvertString(value), value)

    member Name: string with get
    let this = this
    let value = XmlRuntime.TryGetValue(XmlRuntime.GetChild(this, "{http://www.w3.org/2005/Atom}name"))
    TextRuntime.GetNonOptionalValue("Value", TextRuntime.ConvertString(value), value)


class XmlProvider+Item : FDR.BaseTypes.XmlElement
    new : title:string -> link:string -> description:string -> XmlProvider+Item
    let this = title
    let title = link
    let link = description
    XmlRuntime.CreateRecord("item", 
                            [| |], 
                            [| ("title",
                                (this :> obj))
                               ("link",
                                (title :> obj))
                               ("description",
                                (link :> obj)) |], "")

    new : xElement:System.Xml.Linq.XElement -> XmlProvider+Item
    let this = xElement
    XmlElement.Create(this)

    member Description: string with get
    let this = this
    let value = XmlRuntime.TryGetValue(XmlRuntime.GetChild(this, "description"))
    TextRuntime.GetNonOptionalValue("Value", TextRuntime.ConvertString(value), value)

    member Link: string with get
    let this = this
    let value = XmlRuntime.TryGetValue(XmlRuntime.GetChild(this, "link"))
    TextRuntime.GetNonOptionalValue("Value", TextRuntime.ConvertString(value), value)

    member Title: string with get
    let this = this
    let value = XmlRuntime.TryGetValue(XmlRuntime.GetChild(this, "title"))
    TextRuntime.GetNonOptionalValue("Value", TextRuntime.ConvertString(value), value)


class XmlProvider+Link2 : FDR.BaseTypes.XmlElement
    new : href:string -> rel:string option -> type:string option -> XmlProvider+Link2
    let this = href
    let href = rel
    let rel = type
    XmlRuntime.CreateRecord("{http://www.w3.org/2005/Atom}link", 
                            [| ("href",
                                (this :> obj))
                               ("rel",
                                (href :> obj))
                               ("type",
                                (rel :> obj)) |], 
                            [| |], "")

    new : xElement:System.Xml.Linq.XElement -> XmlProvider+Link2
    let this = xElement
    XmlElement.Create(this)

    member Href: string with get
    let this = this
    let value = XmlRuntime.TryGetAttribute(this, "href")
    TextRuntime.GetNonOptionalValue("Attribute href", TextRuntime.ConvertString(value), value)

    member Rel: string option with get
    let this = this
    TextRuntime.ConvertString(XmlRuntime.TryGetAttribute(this, "rel"))

    member Type: string option with get
    let this = this
    TextRuntime.ConvertString(XmlRuntime.TryGetAttribute(this, "type"))


