class CsvProvider : FDR.CsvFile<System.Tuple<int, decimal>>
    member Data: CsvProvider+Row seq with get
    new : () -> CsvProvider
    static member Parse: text:string -> CsvProvider
    static member Load: stream:System.IO.Stream -> CsvProvider
    static member Load: uri:string -> CsvProvider

class CsvProvider+Row : System.Tuple<int, decimal>
    member Distance: int<metre> with get
    member Time: decimal<second> with get

