class JsonProvider
    static member AsyncGetSample: () -> JsonProvider+Entity async
    JsonDocument.AsyncCreate((IO.asyncReadTextAtRuntimeWithDesignTimeRules @"<SOURCE_DIRECTORY>\..\FSharp.Data.Tests\Data" "" "projects.json"), "")

    static member AsyncLoad: uri:string -> JsonProvider+Entity async
    JsonDocument.AsyncCreate((IO.asyncReadTextAtRuntime false @"<SOURCE_DIRECTORY>\..\FSharp.Data.Tests\Data" "" uri), "")

    static member GetSample: () -> JsonProvider+Entity
    JsonDocument.Create(FSharpAsync.RunSynchronously((IO.asyncReadTextAtRuntimeWithDesignTimeRules @"<SOURCE_DIRECTORY>\..\FSharp.Data.Tests\Data" "" "projects.json")), "")

    static member Load: stream:System.IO.Stream -> JsonProvider+Entity
    JsonDocument.Create(((new StreamReader(stream)) :> TextReader), "")

    static member Load: reader:System.IO.TextReader -> JsonProvider+Entity
    JsonDocument.Create(reader, "")

    static member Load: uri:string -> JsonProvider+Entity
    JsonDocument.Create(FSharpAsync.RunSynchronously((IO.asyncReadTextAtRuntime false @"<SOURCE_DIRECTORY>\..\FSharp.Data.Tests\Data" "" uri)), "")

    static member Parse: text:string -> JsonProvider+Entity
    JsonDocument.Create(((new StringReader(text)) :> TextReader), "")


class JsonProvider+Entity : FDR.IJsonDocument
    member Ordercontainer: JsonProvider+Ordercontainer with get
    JsonRuntime.GetPropertyPacked(this, "ordercontainer")


class JsonProvider+Ordercontainer : FDR.IJsonDocument
    member Backgrounds: JsonProvider+Backgrounds with get
    JsonRuntime.GetPropertyPacked(this, "backgrounds")

    member Project: JsonProvider+Project with get
    JsonRuntime.GetPropertyPacked(this, "project")


class JsonProvider+Backgrounds : FDR.IJsonDocument
    member Background: JsonProvider+Background with get
    JsonRuntime.GetPropertyPacked(this, "background")


class JsonProvider+Project : FDR.IJsonDocument
    member Title: JsonProvider+Title2 with get
    JsonRuntime.GetPropertyPacked(this, "title")


class JsonProvider+Background : FDR.IJsonDocument
    member Title: JsonProvider+Title with get
    JsonRuntime.GetPropertyPacked(this, "title")


class JsonProvider+Title2 : FDR.IJsonDocument
    member Text: string with get
    let value = JsonRuntime.TryGetPropertyUnpacked(this, "text")
    JsonRuntime.GetNonOptionalValue("text", JsonRuntime.ConvertString("", value), value)


class JsonProvider+Title : FDR.IJsonDocument
    member Text: string with get
    let value = JsonRuntime.TryGetPropertyUnpacked(this, "text")
    JsonRuntime.GetNonOptionalValue("text", JsonRuntime.ConvertString("", value), value)


