class XmlProvider
    static member Parse: text:string -> XmlProvider+DomainTypes+Div
    static member Load: stream:System.IO.Stream -> XmlProvider+DomainTypes+Div
    static member Load: reader:System.IO.TextReader -> XmlProvider+DomainTypes+Div
    static member Load: uri:string -> XmlProvider+DomainTypes+Div
    static member AsyncLoad: uri:string -> XmlProvider+DomainTypes+Div async
    static member GetSample: () -> XmlProvider+DomainTypes+Div
    static member AsyncGetSample: () -> XmlProvider+DomainTypes+Div async

class XmlProvider+DomainTypes

class XmlProvider+DomainTypes+Div : FDR.XmlElement
    member Id: string option with get
    member Value: string option with get
    member GetDivs: () -> XmlProvider+DomainTypes+Div[]
    member GetSpans: () -> string[]

