class XmlProvider
    static member Parse: text:string -> XmlProvider+DomainTypes+Authors
    static member Load: stream:System.IO.Stream -> XmlProvider+DomainTypes+Authors
    static member Load: reader:System.IO.TextReader -> XmlProvider+DomainTypes+Authors
    static member Load: uri:string -> XmlProvider+DomainTypes+Authors
    static member AsyncLoad: uri:string -> XmlProvider+DomainTypes+Authors async
    static member GetSample: () -> XmlProvider+DomainTypes+Authors
    static member AsyncGetSample: () -> XmlProvider+DomainTypes+Authors async

class XmlProvider+DomainTypes

class XmlProvider+DomainTypes+Authors : FDR.XmlElement
    member Topic: string with get
    member GetAuthors: () -> XmlProvider+DomainTypes+Author[]

class XmlProvider+DomainTypes+Author : FDR.XmlElement
    member Name: string with get
    member Born: int option with get

