class XmlProvider
    static member AsyncGetSamples: () -> XmlProvider+DomainTypes+ObjStation[] async
    XmlElement.AsyncCreateList((ProviderFileSystem.asyncReadTextAtRuntimeWithDesignTimeRules @"<SOURCE_DIRECTORY>\..\FSharp.Data.Tests\Data" "" "IrelandStations.xml"))

    static member AsyncLoad: uri:string -> XmlProvider+DomainTypes+ObjStation async
    XmlElement.AsyncCreate((ProviderFileSystem.asyncReadTextAtRuntime false @"<SOURCE_DIRECTORY>\..\FSharp.Data.Tests\Data" "" uri))

    static member GetSamples: () -> XmlProvider+DomainTypes+ObjStation[]
    XmlElement.CreateList((ProviderFileSystem.asyncReadTextAtRuntimeWithDesignTimeRules @"<SOURCE_DIRECTORY>\..\FSharp.Data.Tests\Data" "" "IrelandStations.xml") |> FSharpAsync.RunSynchronously)

    static member Load: stream:System.IO.Stream -> XmlProvider+DomainTypes+ObjStation
    XmlElement.Create(((new StreamReader(stream)) :> TextReader))

    static member Load: reader:System.IO.TextReader -> XmlProvider+DomainTypes+ObjStation
    XmlElement.Create(reader)

    static member Load: uri:string -> XmlProvider+DomainTypes+ObjStation
    XmlElement.Create((ProviderFileSystem.asyncReadTextAtRuntime false @"<SOURCE_DIRECTORY>\..\FSharp.Data.Tests\Data" "" uri) |> FSharpAsync.RunSynchronously)

    static member Parse: text:string -> XmlProvider+DomainTypes+ObjStation
    XmlElement.Create(((new StringReader(text)) :> TextReader))


class XmlProvider+DomainTypes

class XmlProvider+DomainTypes+ObjStation : FDR.XmlElement
    member StationAlias: string option with get
    CommonRuntime.ConvertString(XmlOperations.TryGetValue(XmlOperations.GetChild(this, "{http://api.irishrail.ie/realtime/}StationAlias")))

    member StationCode: string with get
    let value = XmlOperations.TryGetValue(XmlOperations.GetChild(this, "{http://api.irishrail.ie/realtime/}StationCode"))
    CommonRuntime.GetNonOptionalValue("Value", CommonRuntime.ConvertString(value), value)

    member StationDesc: string with get
    let value = XmlOperations.TryGetValue(XmlOperations.GetChild(this, "{http://api.irishrail.ie/realtime/}StationDesc"))
    CommonRuntime.GetNonOptionalValue("Value", CommonRuntime.ConvertString(value), value)

    member StationId: int with get
    let value = XmlOperations.TryGetValue(XmlOperations.GetChild(this, "{http://api.irishrail.ie/realtime/}StationId"))
    CommonRuntime.GetNonOptionalValue("Value", CommonRuntime.ConvertInteger("", value), value)

    member StationLatitude: decimal with get
    let value = XmlOperations.TryGetValue(XmlOperations.GetChild(this, "{http://api.irishrail.ie/realtime/}StationLatitude"))
    CommonRuntime.GetNonOptionalValue("Value", CommonRuntime.ConvertDecimal("", value), value)

    member StationLongitude: decimal with get
    let value = XmlOperations.TryGetValue(XmlOperations.GetChild(this, "{http://api.irishrail.ie/realtime/}StationLongitude"))
    CommonRuntime.GetNonOptionalValue("Value", CommonRuntime.ConvertDecimal("", value), value)


